<testsuites name="jest tests" tests="5" failures="0" time="1.048">
  <testsuite name="undefined" errors="0" failures="0" skipped="0" timestamp="2020-06-11T09:38:48" time="1.048" tests="5">
    <testcase classname=" Navigation renders correctly" name=" Navigation renders correctly" time="0.116">
    </testcase>
    <testcase classname=" Initial articles render correctly" name=" Initial articles render correctly" time="0.017">
    </testcase>
    <testcase classname=" Clicking on top renders expected articles" name=" Clicking on top renders expected articles" time="0.024">
    </testcase>
    <testcase classname=" Clicking on newest renders expected articles" name=" Clicking on newest renders expected articles" time="0.016">
    </testcase>
    <testcase classname=" Sequence of navigation clicks renders expected artices" name=" Sequence of navigation clicks renders expected artices" time="0.047">
    </testcase>
  </testsuite>
</testsuites>